// Jest Snapshot v1, https://goo.gl/fbAQLP

exports[`renders correctly 1`] = `
<View
  onLayout={[Function]}
  style={
    Array [
      Object {
        "flex": 1,
      },
      undefined,
    ]
  }
>
  <View
    style={
      Object {
        "flex": 1,
        "flexDirection": "column-reverse",
      }
    }
  >
    <View
      style={
        Object {
          "flex": 1,
        }
      }
    >
      <View
        onMoveShouldSetResponder={[Function]}
        onMoveShouldSetResponderCapture={[Function]}
        onResponderEnd={[Function]}
        onResponderGrant={[Function]}
        onResponderMove={[Function]}
        onResponderReject={[Function]}
        onResponderRelease={[Function]}
        onResponderStart={[Function]}
        onResponderTerminate={[Function]}
        onResponderTerminationRequest={[Function]}
        onStartShouldSetResponder={[Function]}
        onStartShouldSetResponderCapture={[Function]}
        pointerEvents="auto"
        style={
          Object {
            "backgroundColor": "#E9E9EF",
            "bottom": 0,
            "left": 0,
            "opacity": 1,
            "position": "absolute",
            "right": 0,
            "shadowColor": "black",
            "shadowOffset": Object {
              "height": 0,
              "width": 0,
            },
            "shadowOpacity": 0.4,
            "shadowRadius": 10,
            "top": 0,
            "transform": Array [
              Object {
                "translateX": 0,
              },
              Object {
                "translateY": 0,
              },
            ],
          }
        }
      >
        <View
          style={
            Object {
              "backgroundColor": "#FFFFFF",
              "flex": 1,
            }
          }
        >
          <RCTScrollView
            dataSource={
              ListViewDataSource {
                "items": 0,
              }
            }
            enableEmptySections={true}
            pageSize={30}
            refreshControl={
              <RefreshControlMock
                onRefresh={[Function]}
                refreshing={true}
              />
            }
            renderFooter={[Function]}
            renderRow={[Function]}
            renderScrollComponent={[Function]}
            renderSeparator={[Function]}
          >
            <RCTRefreshControl />
            <View>
              <View
                style={
                  Object {
                    "alignItems": "center",
                    "flex": 1,
                    "justifyContent": "center",
                    "padding": 8,
                  }
                }
              >
                <View
                  accessibilityComponentType={undefined}
                  accessibilityLabel={undefined}
                  accessibilityTraits={undefined}
                  accessible={true}
                  hitSlop={undefined}
                  isTVSelectable={true}
                  onLayout={undefined}
                  onResponderGrant={[Function]}
                  onResponderMove={[Function]}
                  onResponderRelease={[Function]}
                  onResponderTerminate={[Function]}
                  onResponderTerminationRequest={[Function]}
                  onStartShouldSetResponder={[Function]}
                  style={
                    Object {
                      "borderColor": "#8E8E8E",
                      "borderRadius": 5,
                      "borderWidth": 0.5,
                      "opacity": 1,
                      "paddingHorizontal": 20,
                      "paddingVertical": 10,
                    }
                  }
                  testID={undefined}
                  tvParallaxProperties={undefined}
                >
                  <Text
                    accessible={true}
                    allowFontScaling={true}
                    ellipsizeMode="tail"
                    style={
                      Object {
                        "color": "#8E8E8E",
                      }
                    }
                  >
                    Load More
                  </Text>
                </View>
              </View>
            </View>
          </RCTScrollView>
        </View>
      </View>
    </View>
    <View
      index={0}
      layout={
        Object {
          "height": 0,
          "initHeight": 0,
          "initWidth": 0,
          "isMeasured": false,
          "width": 0,
        }
      }
      mode="float"
      navigation={
        Object {
          "dispatch": [Function],
          "goBack": [Function],
          "navigate": [Function],
          "setParams": [Function],
          "state": Object {
            "key": "Init",
            "routeName": "Home",
          },
        }
      }
      navigationState={
        Object {
          "index": 0,
          "routes": Array [
            Object {
              "key": "Init",
              "routeName": "Home",
            },
          ],
        }
      }
      onNavigateBack={[Function]}
      renderLeftComponent={[Function]}
      renderRightComponent={[Function]}
      renderTitleComponent={[Function]}
      router={
        Object {
          "getActionForPathAndParams": [Function],
          "getComponentForRouteName": [Function],
          "getComponentForState": [Function],
          "getPathAndParamsForState": [Function],
          "getScreenConfig": [Function],
          "getStateForAction": [Function],
        }
      }
      style={
        Object {
          "backgroundColor": "#FF6600",
          "elevation": 4,
          "height": 64,
          "paddingTop": 20,
          "shadowColor": "black",
          "shadowOffset": Object {
            "height": 0.5,
          },
          "shadowOpacity": 0.1,
          "shadowRadius": 0.5,
        }
      }
    >
      <View
        style={
          Object {
            "flex": 1,
          }
        }
      >
        <View
          style={
            Array [
              Object {
                "bottom": 0,
                "left": 0,
                "position": "absolute",
                "right": 0,
                "top": 0,
              },
              Object {
                "flexDirection": "row",
              },
            ]
          }
        >
          <View
            pointerEvents="box-none"
            style={
              Object {
                "alignItems": "center",
                "backgroundColor": "transparent",
                "bottom": 0,
                "justifyContent": "center",
                "left": 70,
                "opacity": 1,
                "position": "absolute",
                "right": 70,
                "top": 0,
                "transform": Array [
                  Object {
                    "translateX": 0,
                  },
                ],
              }
            }
          >
            <Text
              accessible={true}
              allowFontScaling={true}
              ellipsizeMode="tail"
              numberOfLines={1}
              onLayout={[Function]}
              style={
                Array [
                  Object {
                    "color": "rgba(0, 0, 0, .9)",
                    "fontSize": 17,
                    "fontWeight": "600",
                    "marginHorizontal": 16,
                    "textAlign": "center",
                  },
                  Array [
                    Object {
                      "color": "#FFFFFF",
                    },
                    undefined,
                  ],
                ]
              }
            >
              Top Stories
            </Text>
          </View>
        </View>
      </View>
    </View>
  </View>
</View>
`;
